// Jest Snapshot v1, https://goo.gl/fbAQLP

exports[`Button Component should render without issues 1`] = `
<View
  accessible={true}
  focusable={true}
  isTVSelectable={true}
  onClick={[Function]}
  onResponderGrant={[Function]}
  onResponderMove={[Function]}
  onResponderRelease={[Function]}
  onResponderTerminate={[Function]}
  onResponderTerminationRequest={[Function]}
  onStartShouldSetResponder={[Function]}
  style={
    Object {
      "alignItems": "center",
      "alignSelf": "flex-start",
      "backgroundColor": "#176dcf",
      "borderRadius": 6,
      "flexDirection": "row",
      "justifyContent": "center",
      "overflow": "hidden",
      "padding": 8,
      "position": "relative",
    }
  }
>
  <View
    style={
      Object {
        "alignItems": "center",
        "flexDirection": "row",
        "justifyContent": "center",
        "position": "relative",
      }
    }
  />
</View>
`;
